// Jest Snapshot v1, https://goo.gl/fbAQLP

exports[`This suit is to test the Body component Snapshot of Body 1`] = `
<DocumentFragment>
  <h1
    data-testid="title2"
  >
    hello world
  </h1>
  <p
    data-testid="counter"
  >
    0
  </p>
  <button
    data-testid="button5"
    id="cihan2"
    type="button4"
  >
    BUTTON
  </button>
</DocumentFragment>
`;
